******************************************************************************
                  MSP430 Linker PC v4.4.1                      
******************************************************************************
>> Linked Sun Jan 11 22:05:19 2015

OUTPUT FILE NAME:   <ez430_project_2_433MHz.out>
ENTRY POINT SYMBOL: "_c_int00_noargs_noexit"  address: 0000e39e


MEMORY CONFIGURATION

         name            origin    length      used     unused   attr    fill
----------------------  --------  ---------  --------  --------  ----  --------
  SFR                   00000000   00000010  00000000  00000010  RWIX
  PERIPHERALS_8BIT      00000010   000000f0  00000000  000000f0  RWIX
  PERIPHERALS_16BIT     00000100   00000100  00000000  00000100  RWIX
  INFOD                 00001800   00000080  00000000  00000080  RWIX
  INFOC                 00001880   00000080  00000000  00000080  RWIX
  INFOB                 00001900   00000080  00000000  00000080  RWIX
  INFOA                 00001980   00000080  00000000  00000080  RWIX
  RAM                   00001c00   00000ffe  00000539  00000ac5  RWIX
  FLASH                 00008000   00007f80  00006c11  0000136f  RWIX
  INT00                 0000ff80   00000002  00000000  00000002  RWIX
  INT01                 0000ff82   00000002  00000000  00000002  RWIX
  INT02                 0000ff84   00000002  00000000  00000002  RWIX
  INT03                 0000ff86   00000002  00000000  00000002  RWIX
  INT04                 0000ff88   00000002  00000000  00000002  RWIX
  INT05                 0000ff8a   00000002  00000000  00000002  RWIX
  INT06                 0000ff8c   00000002  00000000  00000002  RWIX
  INT07                 0000ff8e   00000002  00000000  00000002  RWIX
  INT08                 0000ff90   00000002  00000000  00000002  RWIX
  INT09                 0000ff92   00000002  00000000  00000002  RWIX
  INT10                 0000ff94   00000002  00000000  00000002  RWIX
  INT11                 0000ff96   00000002  00000000  00000002  RWIX
  INT12                 0000ff98   00000002  00000000  00000002  RWIX
  INT13                 0000ff9a   00000002  00000000  00000002  RWIX
  INT14                 0000ff9c   00000002  00000000  00000002  RWIX
  INT15                 0000ff9e   00000002  00000000  00000002  RWIX
  INT16                 0000ffa0   00000002  00000000  00000002  RWIX
  INT17                 0000ffa2   00000002  00000000  00000002  RWIX
  INT18                 0000ffa4   00000002  00000000  00000002  RWIX
  INT19                 0000ffa6   00000002  00000000  00000002  RWIX
  INT20                 0000ffa8   00000002  00000000  00000002  RWIX
  INT21                 0000ffaa   00000002  00000000  00000002  RWIX
  INT22                 0000ffac   00000002  00000000  00000002  RWIX
  INT23                 0000ffae   00000002  00000000  00000002  RWIX
  INT24                 0000ffb0   00000002  00000000  00000002  RWIX
  INT25                 0000ffb2   00000002  00000000  00000002  RWIX
  INT26                 0000ffb4   00000002  00000000  00000002  RWIX
  INT27                 0000ffb6   00000002  00000000  00000002  RWIX
  INT28                 0000ffb8   00000002  00000000  00000002  RWIX
  INT29                 0000ffba   00000002  00000000  00000002  RWIX
  INT30                 0000ffbc   00000002  00000000  00000002  RWIX
  INT31                 0000ffbe   00000002  00000000  00000002  RWIX
  INT32                 0000ffc0   00000002  00000000  00000002  RWIX
  INT33                 0000ffc2   00000002  00000000  00000002  RWIX
  INT34                 0000ffc4   00000002  00000000  00000002  RWIX
  INT35                 0000ffc6   00000002  00000000  00000002  RWIX
  INT36                 0000ffc8   00000002  00000000  00000002  RWIX
  INT37                 0000ffca   00000002  00000000  00000002  RWIX
  INT38                 0000ffcc   00000002  00000000  00000002  RWIX
  INT39                 0000ffce   00000002  00000000  00000002  RWIX
  INT40                 0000ffd0   00000002  00000000  00000002  RWIX
  INT41                 0000ffd2   00000002  00000000  00000002  RWIX
  INT42                 0000ffd4   00000002  00000000  00000002  RWIX
  INT43                 0000ffd6   00000002  00000000  00000002  RWIX
  INT44                 0000ffd8   00000002  00000000  00000002  RWIX
  INT45                 0000ffda   00000002  00000002  00000000  RWIX
  INT46                 0000ffdc   00000002  00000002  00000000  RWIX
  INT47                 0000ffde   00000002  00000002  00000000  RWIX
  INT48                 0000ffe0   00000002  00000002  00000000  RWIX
  INT49                 0000ffe2   00000002  00000002  00000000  RWIX
  INT50                 0000ffe4   00000002  00000002  00000000  RWIX
  INT51                 0000ffe6   00000002  00000002  00000000  RWIX
  INT52                 0000ffe8   00000002  00000002  00000000  RWIX
  INT53                 0000ffea   00000002  00000002  00000000  RWIX
  INT54                 0000ffec   00000002  00000002  00000000  RWIX
  INT55                 0000ffee   00000002  00000002  00000000  RWIX
  INT56                 0000fff0   00000002  00000002  00000000  RWIX
  INT57                 0000fff2   00000002  00000002  00000000  RWIX
  INT58                 0000fff4   00000002  00000002  00000000  RWIX
  INT59                 0000fff6   00000002  00000002  00000000  RWIX
  INT60                 0000fff8   00000002  00000002  00000000  RWIX
  INT61                 0000fffa   00000002  00000002  00000000  RWIX
  INT62                 0000fffc   00000002  00000002  00000000  RWIX
  RESET                 0000fffe   00000002  00000002  00000000  RWIX


SECTION ALLOCATION MAP

 output                                  attributes/
section   page    origin      length       input sections
--------  ----  ----------  ----------   ----------------
.bss       0    00001c00    000004e9     UNINITIALIZED
                  00001c00    000001c6     sha1.obj (.bss)
                  00001dc6    0000008c     nwk_QMgmt.obj (.bss)
                  00001e52    0000005e     display.obj (.bss)
                  00001eb0    00000053     totp.obj (.bss)
                  00001f03    00000001     main_ED_BM.obj (.bss)
                  00001f04    00000048     hmac.obj (.bss)
                  00001f4c    00000046     rfsimpliciti.obj (.bss)
                  00001f92    00000045     vti_ps.obj (.bss)
                  00001fd7    00000001     nwk_api.obj (.bss)
                  00001fd8    0000003c     mrfi.obj (.bss)
                  00002014    0000001d     nwk.obj (.bss)
                  00002031    00000001     nwk_ping.obj (.bss)
                  00002032    00000010     main.obj (.bss)
                  00002042    0000000e     altitude.obj (.bss)
                  00002050    0000000e     clock.obj (.bss)
                  0000205e    0000000e     rts430x.lib : tmzone.obj (.bss)
                  0000206c    0000000e     stopwatch.obj (.bss)
                  0000207a    0000000a     acceleration.obj (.bss)
                  00002084    0000000a     nwk_frame.obj (.bss)
                  0000208e    0000000a     nwk_link.obj (.bss)
                  00002098    0000000a     ports.obj (.bss)
                  000020a2    00000009     nwk_globals.obj (.bss)
                  000020ab    00000001     rfbsl.obj (.bss)
                  000020ac    00000009     nwk_join.obj (.bss)
                  000020b5    00000001     vti_as.obj (.bss)
                  000020b6    00000008     battery.obj (.bss)
                  000020be    00000008     buzzer.obj (.bss)
                  000020c6    00000007     timer.obj (.bss)
                  000020cd    00000001     --HOLE--
                  000020ce    00000006     date.obj (.bss)
                  000020d4    00000006     temperature.obj (.bss)
                  000020da    00000004     alarm.obj (.bss)
                  000020de    00000004     menu.obj (.bss)
                  000020e2    00000003     adc12.obj (.bss)
                  000020e5    00000001     --HOLE--
                  000020e6    00000003     nwk_mgmt.obj (.bss)

.data      0    00001c00    00000000     UNINITIALIZED

.stack     0    00002bac    00000050     UNINITIALIZED
                  00002bac    00000002     rts430x.lib : boot.obj (.stack)
                  00002bae    0000004e     --HOLE--

.text      0    00008000    000065d2     
                  00008000    00000346     rts430x.lib : mktime.obj (.text:mktime)
                  00008346    0000030c     sha1.obj (.text:sha1_transform$27)
                  00008652    0000029e     timer.obj (.text:_isr:TIMER0_A0_ISR)
                  000088f0    00000298     vti_ps.obj (.text:conv_pa_to_meter)
                  00008b88    00000260     test.obj (.text:test_mode)
                  00008de8    00000232     user.obj (.text:set_value)
                  0000901a    00000200     ports.obj (.text:_isr:PORT2_ISR)
                  0000921a    000001fc     mrfi.obj (.text:MRFI_Init)
                  00009416    000001e4     clock.obj (.text:mx_time)
                  000095fa    000001da     vti_ps.obj (.text:update_pressure_table)
                  000097d4    000001be     clock.obj (.text:display_time)
                  00009992    00000194     date.obj (.text:mx_date)
                  00009b26    0000016e     nwk.obj (.text:nwk_nwkInit)
                  00009c94    00000164     nwk_link.obj (.text:smpl_send_link_reply$4)
                  00009df8    0000015c     acceleration.obj (.text:display_acceleration)
                  00009f54    00000154     main.obj (.text:init_application)
                  0000a0a8    00000152     main.obj (.text:init_global_variables)
                  0000a1fa    0000014c     mrfi.obj (.text:MRFI_Transmit)
                  0000a346    0000014a     rfsimpliciti.obj (.text:simpliciti_sync_decode_ap_cmd_callback)
                  0000a490    00000148     nwk_link.obj (.text:nwk_link)
                  0000a5d8    00000140     mrfi.obj (.text:Mrfi_SyncPinRxIsr$13)
                  0000a718    0000013e     nwk_api.obj (.text:SMPL_Ioctl)
                  0000a856    00000130     rts430x.lib : fs_add.obj (.text)
                  0000a986    0000011c     stopwatch.obj (.text:display_stopwatch)
                  0000aaa2    0000011c     nwk_join.obj (.text:nwk_join)
                  0000abbe    0000011a     main.obj (.text:wakeup_event)
                  0000acd8    00000108     nwk_frame.obj (.text:dispatchFrame$11)
                  0000ade0    00000106     altitude.obj (.text:display_altitude)
                  0000aee6    00000106     altitude.obj (.text:mx_altitude)
                  0000afec    00000106     rfsimpliciti.obj (.text:start_simpliciti_tx_only)
                  0000b0f2    00000102     temperature.obj (.text:mx_temperature)
                  0000b1f4    00000100     stopwatch.obj (.text:stopwatch_tick)
                  0000b2f4    000000f6     main.obj (.text:display_update)
                  0000b3ea    000000f2     alarm.obj (.text:mx_alarm)
                  0000b4dc    000000ea     temperature.obj (.text:display_temperature)
                  0000b5c6    000000e8     main_ED_BM.obj (.text:simpliciti_main_sync)
                  0000b6ae    000000e6     sha1.obj (.text:sha1_final)
                  0000b794    000000e4     rfsimpliciti.obj (.text:simpliciti_sync_get_data_callback)
                  0000b878    000000dc     date.obj (.text:display_date)
                  0000b954    000000d8     nwk_QMgmt.obj (.text:nwk_QfindOldest)
                  0000ba2c    000000d6     alarm.obj (.text:display_alarm)
                  0000bb02    000000d4     totp.obj (.text:display_totp)
                  0000bbd6    000000d2     display.obj (.text:int_to_array)
                  0000bca8    000000d0     hmac.obj (.text:hmac_sha1)
                  0000bd78    000000d0     main_ED_BM.obj (.text:simpliciti_link)
                  0000be48    000000ce     nwk.obj (.text:nwk_allocateLocalRxPort)
                  0000bf16    000000ce     nwk_link.obj (.text:nwk_processLink)
                  0000bfe4    000000cc     display.obj (.text:display_chars)
                  0000c0b0    000000cc     rfsimpliciti.obj (.text:sx_sync)
                  0000c17c    000000c6     main.obj (.text:read_calibration_values)
                  0000c242    000000c6     sha1.obj (.text:sha1_update)
                  0000c308    000000be     clock.obj (.text:clock_tick)
                  0000c3c6    000000ba     base32.obj (.text:base32_decode)
                  0000c480    000000b6     rts430x.lib : fs_mpy.obj (.text)
                  0000c536    000000a0     rf1a.obj (.text:Strobe)
                  0000c5d6    000000a0     rfsimpliciti.obj (.text:simpliciti_get_ed_data_callback)
                  0000c676    0000009c     nwk_frame.obj (.text:nwk_retrieveFrame)
                  0000c712    00000098     temperature.obj (.text:temperature_measurement)
                  0000c7aa    00000094     pmm.obj (.text:SetVCore)
                  0000c83e    00000090     altitude.obj (.text:do_altitude_measurement)
                  0000c8ce    0000008e     rts430x.lib : fs_div.obj (.text)
                  0000c95c    0000008c     vti_ps.obj (.text:ps_twi_sda)
                  0000c9e8    0000008a     nwk_api.obj (.text:SMPL_Init)
                  0000ca72    0000008a     nwk_frame.obj (.text:nwk_buildFrame)
                  0000cafc    00000088     totp.obj (.text:compute_totp)
                  0000cb84    00000086     main.obj (.text:main)
                  0000cc0a    00000082     date.obj (.text:get_numberOfDays)
                  0000cc8c    00000080     vti_as.obj (.text:as_start)
                  0000cd0c    0000007e     nwk_ioctl.obj (.text:nwk_radioControl)
                  0000cd8a    0000007c     nwk_frame.obj (.text:nwk_sendAckReply)
                  0000ce06    0000007a     timer.obj (.text:_isr:TIMER0_A1_5_ISR)
                  0000ce80    0000007a     display.obj (.text:display_char)
                  0000cefa    00000078     nwk_QMgmt.obj (.text:nwk_QfindSlot)
                  0000cf72    00000078     vti_ps.obj (.text:ps_init)
                  0000cfea    00000074     mrfi.obj (.text:mrfiRadioInterfaceCmdStrobe)
                  0000d05e    00000072     vti_ps.obj (.text:ps_read_register)
                  0000d0d0    0000006e     battery.obj (.text:battery_measurement)
                  0000d13e    0000006a     nwk.obj (.text:nwk_getNextConnection)
                  0000d1a8    00000068     timer.obj (.text:Timer0_A4_Delay)
                  0000d210    00000068     adc12.obj (.text:adc12_single_conversion)
                  0000d278    00000068     vti_as.obj (.text:as_read_register)
                  0000d2e0    00000066     vti_as.obj (.text:as_write_register)
                  0000d346    00000066     nwk_ping.obj (.text:nwk_processPing)
                  0000d3ac    00000062     mrfi.obj (.text:MRFI_RadioIsr)
                  0000d40e    00000062     vti_ps.obj (.text:ps_get_pa)
                  0000d470    00000062     totp.obj (.text:set_totp)
                  0000d4d2    00000060     nwk_api.obj (.text:SMPL_SendOpt)
                  0000d532    0000005c     battery.obj (.text:display_battery_V)
                  0000d58e    0000005c     buzzer.obj (.text:toggle_buzzer)
                  0000d5ea    0000005c     display.obj (.text:write_lcd_mem)
                  0000d646    0000005a     display.obj (.text:clear_line)
                  0000d6a0    00000058     vti_ps.obj (.text:ps_write_register)
                  0000d6f8    00000058     rts430x.lib : div32u.obj (.text)
                  0000d750    00000054     display.obj (.text:display_hours)
                  0000d7a4    00000054     vti_ps.obj (.text:ps_twi_read)
                  0000d7f8    00000052     mrfi.obj (.text:MRFI_ReplyDelay)
                  0000d84a    00000050     ports.obj (.text:button_repeat_function)
                  0000d89a    0000004e     sha1.obj (.text:sha1_init)
                  0000d8e8    0000004c     vti_ps.obj (.text:ps_get_temp)
                  0000d934    0000004c     rts430x.lib : fs_toul.obj (.text)
                  0000d980    0000004a                 : autoinit.obj (.text:_auto_init)
                  0000d9ca    0000004a                 : fs_cmp.obj (.text)
                  0000da14    0000004a     rfbsl.obj (.text:sx_rfbsl)
                  0000da5e    00000048     buzzer.obj (.text:start_buzzer)
                  0000daa6    00000046     mrfi.obj (.text:MRFI_RxIdle)
                  0000daec    00000046     nwk_mgmt.obj (.text:nwk_processMgmt)
                  0000db32    00000046     rts430x.lib : fs_tou.obj (.text)
                  0000db78    00000044     mrfi.obj (.text:mrfiRadioInterfaceReadReg)
                  0000dbbc    00000040     vti_ps.obj (.text:ps_twi_write)
                  0000dbfc    00000040     rts430x.lib : div32s.obj (.text)
                  0000dc3c    00000040     altitude.obj (.text:start_altitude_measurement)
                  0000dc7c    0000003e     rts430x.lib : lsl32.obj (.text:l_lsl_const)
                  0000dcba    0000003e                 : lsr32.obj (.text:l_lsr_const)
                  0000dcf8    0000003c     stopwatch.obj (.text:update_stopwatch_timer)
                  0000dd34    0000003a     nwk.obj (.text:nwk_isValidReply)
                  0000dd6e    00000036     mrfi.obj (.text:mrfiRadioInterfaceWriteReg)
                  0000dda4    00000036     rts430x.lib : fs_itof.obj (.text)
                  0000ddda    00000034     radio.obj (.text:radio_reset)
                  0000de0e    00000034     stopwatch.obj (.text:sx_stopwatch)
                  0000de42    00000032     mrfi.obj (.text:MRFI_RxOn)
                  0000de74    00000032     rf1a.obj (.text:WriteSingleReg)
                  0000dea6    00000032     vti_as.obj (.text:as_stop)
                  0000ded8    00000032     mrfi.obj (.text:mrfiRadioInterfaceReadRxFifo)
                  0000df0a    00000032     rts430x.lib : fs_ultof.obj (.text)
                  0000df3c    00000032     alarm.obj (.text:sx_alarm)
                  0000df6e    00000030     nwk_frame.obj (.text:nwk_sendFrame)
                  0000df9e    0000002e     nwk_QMgmt.obj (.text:nwk_QadjustOrder)
                  0000dfcc    0000002c     rts430x.lib : div16s.obj (.text)
                  0000dff8    0000002a     mrfi.obj (.text:Mrfi_CalculateRssi$13)
                  0000e022    0000002a     timer.obj (.text:Timer0_A3_Start)
                  0000e04c    0000002a     vti_as.obj (.text:as_get_data)
                  0000e076    00000028     nwk.obj (.text:map_lid2idx$8)
                  0000e09e    00000028     stopwatch.obj (.text:mx_stopwatch)
                  0000e0c6    00000028     nwk.obj (.text:nwk_getConnInfo)
                  0000e0ee    00000028     buzzer.obj (.text:stop_buzzer)
                  0000e116    00000026     mrfi.obj (.text:MRFI_Sleep)
                  0000e13c    00000026     rfbsl.obj (.text:display_rfbsl)
                  0000e162    00000026     vti_ps.obj (.text:init_pressure_table)
                  0000e188    00000026     nwk.obj (.text:nwk_checkConnInfo)
                  0000e1ae    00000024     rts430x.lib : fs_utof.obj (.text)
                  0000e1d2    00000022     bsp.obj (.text:BSP_Delay)
                  0000e1f4    00000022     display.obj (.text:display_value)
                  0000e216    00000022     rts430x.lib : memcmp.obj (.text:memcmp)
                  0000e238    00000022                 : mult32_f5hw.obj (.text)
                  0000e25a    00000020     radio.obj (.text:_isr:radio_ISR)
                  0000e27a    00000020     rfsimpliciti.obj (.text:sx_ppt)
                  0000e29a    00000020     rfsimpliciti.obj (.text:sx_rf)
                  0000e2ba    0000001e     display.obj (.text:display_symbol)
                  0000e2d8    0000001e     rts430x.lib : memmov.obj (.text:memmove)
                  0000e2f6    0000001e     nwk_join.obj (.text:nwk_processJoin)
                  0000e314    0000001c     mrfi.obj (.text:Mrfi_DelayUsec$13)
                  0000e330    0000001c     display.obj (.text:clear_display_all)
                  0000e34c    0000001c     radio.obj (.text:close_radio)
                  0000e368    0000001c     nwk.obj (.text:nwk_putNumObjectIntoMsg)
                  0000e384    0000001a     adc12.obj (.text:_isr:ADC12ISR)
                  0000e39e    0000001a     rts430x.lib : boot_special.obj (.text:_isr:_c_int00_noargs_noexit)
                  0000e3b8    0000001a     display.obj (.text:display_am_pm_symbol)
                  0000e3d2    0000001a     stopwatch.obj (.text:stop_stopwatch)
                  0000e3ec    00000018     acceleration.obj (.text:sx_acceleration)
                  0000e404    00000016     clock.obj (.text:display_selection_Timeformat1)
                  0000e41a    00000016     rts430x.lib : div16u.obj (.text)
                  0000e430    00000016                 : mult16_f5hw.obj (.text)
                  0000e446    00000014     rfsimpliciti.obj (.text:display_ppt)
                  0000e45a    00000014     rfsimpliciti.obj (.text:display_rf)
                  0000e46e    00000014     rfsimpliciti.obj (.text:display_sync)
                  0000e482    00000014     stopwatch.obj (.text:is_stopwatch)
                  0000e496    00000012     rts430x.lib : memcpy.obj (.text:memcpy)
                  0000e4a8    00000012                 : memset.obj (.text:memset)
                  0000e4ba    00000012     radio.obj (.text:open_radio)
                  0000e4cc    00000012     rts430x.lib : rotl32.obj (.text)
                  0000e4de    00000010                 : lsl32.obj (.text:l_lsl)
                  0000e4ee    00000010                 : lsr32.obj (.text:l_lsr)
                  0000e4fe    00000010     radio.obj (.text:radio_powerdown)
                  0000e50e    00000010     date.obj (.text:sx_date)
                  0000e51e    00000010     clock.obj (.text:sx_time)
                  0000e52e    0000000c     rfsimpliciti.obj (.text:is_rf)
                  0000e53a    0000000c     vti_ps.obj (.text:ps_start)
                  0000e546    0000000c     menu.obj (.text:update_acceleration)
                  0000e552    0000000c     menu.obj (.text:update_alarm)
                  0000e55e    0000000c     menu.obj (.text:update_battery_voltage)
                  0000e56a    0000000c     menu.obj (.text:update_stopwatch)
                  0000e576    0000000c     menu.obj (.text:update_temperature)
                  0000e582    0000000a     vti_ps.obj (.text:ps_stop)
                  0000e58c    0000000a     rts430x.lib : asr16.obj (.text)
                  0000e596    0000000a                 : lsl16.obj (.text)
                  0000e5a0    0000000a     menu.obj (.text:update_date)
                  0000e5aa    0000000a     menu.obj (.text:update_time)
                  0000e5b4    00000006     rts430x.lib : isr_trap.obj (.text:_isr:__TI_ISR_TRAP)
                  0000e5ba    00000004                 : pre_init.obj (.text:_system_pre_init)
                  0000e5be    00000004                 : exit.obj (.text:abort)
                  0000e5c2    00000004     nwk_freq.obj (.text:nwk_processFreq)
                  0000e5c6    00000004     nwk_security.obj (.text:nwk_processSecurity)
                  0000e5ca    00000004     vti_ps.obj (.text:twi_delay)
                  0000e5ce    00000002     user.obj (.text:dummy)
                  0000e5d0    00000002     altitude.obj (.text:sx_altitude)

.const     0    0000e5d2    000004f3     
                  0000e5d2    0000021f     display.obj (.const:int_to_array_conversion_table)
                  0000e7f1    00000001     mrfi.obj (.const)
                  0000e7f2    000000ea     menu.obj (.const)
                  0000e8dc    0000009c     <whole-program> (.const:.string)
                  0000e978    00000040     mrfi.obj (.const:mrfiRadioCfg)
                  0000e9b8    0000002b     display.obj (.const:.string:lcd_font)
                  0000e9e3    00000001     nwk_frame.obj (.const)
                  0000e9e4    0000002a     display.obj (.const:.string:segments_bitmask)
                  0000ea0e    00000022     vti_ps.obj (.const:h0)
                  0000ea30    00000022     vti_ps.obj (.const:p0)
                  0000ea52    00000018     nwk_frame.obj (.const:func$11)
                  0000ea6a    00000018     rts430x.lib : mktime.obj (.const:mon_day$49)
                  0000ea82    00000018                 : mktime.obj (.const:mon_len$49)
                  0000ea9a    0000000e     acceleration.obj (.const:mgrav_per_bit)
                  0000eaa8    00000009     nwk_globals.obj (.const)
                  0000eab1    00000001     --HOLE-- [fill = 0]
                  0000eab2    00000008     clock.obj (.const:selection_Timeformat)
                  0000eaba    00000004     mrfi.obj (.const:.string:mrfiBroadcastAddr)
                  0000eabe    00000004     mrfi.obj (.const:.string:mrfiLogicalChanTable$13)
                  0000eac2    00000003     mrfi.obj (.const:.string:mrfiRFPowerTable$13)

.cinit     0    0000eac6    0000014c     
                  0000eac6    0000014a     <whole-program> (.cinit)
                  0000ec10    00000002     --HOLE-- [fill = 0]

.pinit     0    00008000    00000000     UNINITIALIZED

AES        0    0000ffda    00000002     
                  0000ffda    00000002     rts430x.lib : int45.obj (.int45)

RTC        0    0000ffdc    00000002     
                  0000ffdc    00000002     rts430x.lib : int46.obj (.int46)

LCD_B      0    0000ffde    00000002     
                  0000ffde    00000002     rts430x.lib : int47.obj (.int47)

PORT2      0    0000ffe0    00000002     
                  0000ffe0    00000002     <whole-program> (.int48)

PORT1      0    0000ffe2    00000002     
                  0000ffe2    00000002     rts430x.lib : int49.obj (.int49)

TIMER1_A1 
*          0    0000ffe4    00000002     
                  0000ffe4    00000002     rts430x.lib : int50.obj (.int50)

TIMER1_A0 
*          0    0000ffe6    00000002     
                  0000ffe6    00000002     rts430x.lib : int51.obj (.int51)

DMA        0    0000ffe8    00000002     
                  0000ffe8    00000002     rts430x.lib : int52.obj (.int52)

CC1101     0    0000ffea    00000002     
                  0000ffea    00000002     radio.obj (.int53)

TIMER0_A1 
*          0    0000ffec    00000002     
                  0000ffec    00000002     <whole-program> (.int54)

TIMER0_A0 
*          0    0000ffee    00000002     
                  0000ffee    00000002     <whole-program> (.int55)

ADC12      0    0000fff0    00000002     
                  0000fff0    00000002     <whole-program> (.int56)

USCI_B0    0    0000fff2    00000002     
                  0000fff2    00000002     rts430x.lib : int57.obj (.int57)

USCI_A0    0    0000fff4    00000002     
                  0000fff4    00000002     rts430x.lib : int58.obj (.int58)

WDT        0    0000fff6    00000002     
                  0000fff6    00000002     rts430x.lib : int59.obj (.int59)

COMP_B     0    0000fff8    00000002     
                  0000fff8    00000002     rts430x.lib : int60.obj (.int60)

UNMI       0    0000fffa    00000002     
                  0000fffa    00000002     rts430x.lib : int61.obj (.int61)

SYSNMI     0    0000fffc    00000002     
                  0000fffc    00000002     rts430x.lib : int62.obj (.int62)

.reset     0    0000fffe    00000002     
                  0000fffe    00000002     rts430x.lib : boot.obj (.reset)


GLOBAL SYMBOLS: SORTED ALPHABETICALLY BY Name 

address   name                                  
-------   ----                                  
00001c00  .bss                                  
00001c00  .data                                 
00008000  .text                                 
00001c70  A                                     
00000700  ADC12CTL0                             
00000701  ADC12CTL0_H                           
00000700  ADC12CTL0_L                           
00000702  ADC12CTL1                             
00000703  ADC12CTL1_H                           
00000702  ADC12CTL1_L                           
00000704  ADC12CTL2                             
00000705  ADC12CTL2_H                           
00000704  ADC12CTL2_L                           
0000070c  ADC12IE                               
0000070d  ADC12IE_H                             
0000070c  ADC12IE_L                             
0000070a  ADC12IFG                              
0000070b  ADC12IFG_H                            
0000070a  ADC12IFG_L                            
0000e384  ADC12ISR                              
0000070e  ADC12IV                               
0000070f  ADC12IV_H                             
0000070e  ADC12IV_L                             
00000710  ADC12MCTL0                            
00000711  ADC12MCTL1                            
0000071a  ADC12MCTL10                           
0000071b  ADC12MCTL11                           
0000071c  ADC12MCTL12                           
0000071d  ADC12MCTL13                           
0000071e  ADC12MCTL14                           
0000071f  ADC12MCTL15                           
00000712  ADC12MCTL2                            
00000713  ADC12MCTL3                            
00000714  ADC12MCTL4                            
00000715  ADC12MCTL5                            
00000716  ADC12MCTL6                            
00000717  ADC12MCTL7                            
00000718  ADC12MCTL8                            
00000719  ADC12MCTL9                            
00000720  ADC12MEM0                             
00000721  ADC12MEM0_H                           
00000720  ADC12MEM0_L                           
00000722  ADC12MEM1                             
00000734  ADC12MEM10                            
00000735  ADC12MEM10_H                          
00000734  ADC12MEM10_L                          
00000736  ADC12MEM11                            
00000737  ADC12MEM11_H                          
00000736  ADC12MEM11_L                          
00000738  ADC12MEM12                            
00000739  ADC12MEM12_H                          
00000738  ADC12MEM12_L                          
0000073a  ADC12MEM13                            
0000073b  ADC12MEM13_H                          
0000073a  ADC12MEM13_L                          
0000073c  ADC12MEM14                            
0000073d  ADC12MEM14_H                          
0000073c  ADC12MEM14_L                          
0000073e  ADC12MEM15                            
0000073f  ADC12MEM15_H                          
0000073e  ADC12MEM15_L                          
00000723  ADC12MEM1_H                           
00000722  ADC12MEM1_L                           
00000724  ADC12MEM2                             
00000725  ADC12MEM2_H                           
00000724  ADC12MEM2_L                           
00000726  ADC12MEM3                             
00000727  ADC12MEM3_H                           
00000726  ADC12MEM3_L                           
00000728  ADC12MEM4                             
00000729  ADC12MEM4_H                           
00000728  ADC12MEM4_L                           
0000072a  ADC12MEM5                             
0000072b  ADC12MEM5_H                           
0000072a  ADC12MEM5_L                           
0000072c  ADC12MEM6                             
0000072d  ADC12MEM6_H                           
0000072c  ADC12MEM6_L                           
0000072e  ADC12MEM7                             
0000072f  ADC12MEM7_H                           
0000072e  ADC12MEM7_L                           
00000730  ADC12MEM8                             
00000731  ADC12MEM8_H                           
00000730  ADC12MEM8_L                           
00000732  ADC12MEM9                             
00000733  ADC12MEM9_H                           
00000732  ADC12MEM9_L                           
000009c0  AESACTL0                              
000009c1  AESACTL0_H                            
000009c0  AESACTL0_L                            
000009c8  AESADIN                               
000009c9  AESADIN_H                             
000009c8  AESADIN_L                             
000009ca  AESADOUT                              
000009cb  AESADOUT_H                            
000009ca  AESADOUT_L                            
000009c6  AESAKEY                               
000009c7  AESAKEY_H                             
000009c6  AESAKEY_L                             
000009c4  AESASTAT                              
000009c5  AESASTAT_H                            
000009c4  AESASTAT_L                            
00001c74  B                                     
0000e1d2  BSP_Delay                             
00001c78  C                                     
0000e5be  C$$EXIT                               
000008c0  CBCTL0                                
000008c1  CBCTL0_H                              
000008c0  CBCTL0_L                              
000008c2  CBCTL1                                
000008c3  CBCTL1_H                              
000008c2  CBCTL1_L                              
000008c4  CBCTL2                                
000008c5  CBCTL2_H                              
000008c4  CBCTL2_L                              
000008c6  CBCTL3                                
000008c7  CBCTL3_H                              
000008c6  CBCTL3_L                              
000008cc  CBINT                                 
000008cd  CBINT_H                               
000008cc  CBINT_L                               
000008ce  CBIV                                  
00000150  CRCDI                                 
00000151  CRCDI_H                               
00000150  CRCDI_L                               
00000154  CRCINIRES                             
00000155  CRCINIRES_H                           
00000154  CRCINIRES_L                           
00001c7c  D                                     
00000510  DMA0CTL                               
00000511  DMA0CTL_H                             
00000510  DMA0CTL_L                             
00000516  DMA0DA                                
00000518  DMA0DAH                               
00000516  DMA0DAL                               
00000512  DMA0SA                                
00000514  DMA0SAH                               
00000512  DMA0SAL                               
0000051a  DMA0SZ                                
00000520  DMA1CTL                               
00000521  DMA1CTL_H                             
00000520  DMA1CTL_L                             
00000526  DMA1DA                                
00000528  DMA1DAH                               
00000526  DMA1DAL                               
00000522  DMA1SA                                
00000524  DMA1SAH                               
00000522  DMA1SAL                               
0000052a  DMA1SZ                                
00000530  DMA2CTL                               
00000531  DMA2CTL_H                             
00000530  DMA2CTL_L                             
00000536  DMA2DA                                
00000538  DMA2DAH                               
00000536  DMA2DAL                               
00000532  DMA2SA                                
00000534  DMA2SAH                               
00000532  DMA2SAL                               
0000053a  DMA2SZ                                
00000500  DMACTL0                               
00000501  DMACTL0_H                             
00000500  DMACTL0_L                             
00000502  DMACTL1                               
00000503  DMACTL1_H                             
00000502  DMACTL1_L                             
00000504  DMACTL2                               
00000505  DMACTL2_H                             
00000504  DMACTL2_L                             
00000506  DMACTL3                               
00000507  DMACTL3_H                             
00000506  DMACTL3_L                             
00000508  DMACTL4                               
00000509  DMACTL4_H                             
00000508  DMACTL4_L                             
0000050e  DMAIV                                 
0000050f  DMAIV_H                               
0000050e  DMAIV_L                               
00001c80  E                                     
00000140  FCTL1                                 
00000141  FCTL1_H                               
00000140  FCTL1_L                               
00000144  FCTL3                                 
00000145  FCTL3_H                               
00000144  FCTL3_L                               
00000146  FCTL4                                 
00000147  FCTL4_H                               
00000146  FCTL4_L                               
0000e58c  I_ASR                                 
0000e596  I_LSL                                 
00000a04  LCDBBLKCTL                            
00000a05  LCDBBLKCTL_H                          
00000a04  LCDBBLKCTL_L                          
00000a12  LCDBCPCTL                             
00000a13  LCDBCPCTL_H                           
00000a12  LCDBCPCTL_L                           
00000a00  LCDBCTL0                              
00000a01  LCDBCTL0_H                            
00000a00  LCDBCTL0_L                            
00000a02  LCDBCTL1                              
00000a03  LCDBCTL1_H                            
00000a02  LCDBCTL1_L                            
00000a1e  LCDBIV                                
00000a40  LCDBM1                                
00000a49  LCDBM10                               
00000a4a  LCDBM11                               
00000a4b  LCDBM12                               
00000a4c  LCDBM13                               
00000a4d  LCDBM14                               
00000a4e  LCDBM15                               
00000a4f  LCDBM16                               
00000a50  LCDBM17                               
00000a51  LCDBM18                               
00000a52  LCDBM19                               
00000a41  LCDBM2                                
00000a53  LCDBM20                               
00000a54  LCDBM21                               
00000a55  LCDBM22                               
00000a56  LCDBM23                               
00000a57  LCDBM24                               
00000a42  LCDBM3                                
00000a43  LCDBM4                                
00000a44  LCDBM5                                
00000a45  LCDBM6                                
00000a46  LCDBM7                                
00000a47  LCDBM8                                
00000a48  LCDBM9                                
00000a06  LCDBMEMCTL                            
00000a07  LCDBMEMCTL_H                          
00000a06  LCDBMEMCTL_L                          
00000a0a  LCDBPCTL0                             
00000a0b  LCDBPCTL0_H                           
00000a0a  LCDBPCTL0_L                           
00000a0c  LCDBPCTL1                             
00000a0d  LCDBPCTL1_H                           
00000a0c  LCDBPCTL1_L                           
00000a0e  LCDBPCTL2                             
00000a0f  LCDBPCTL2_H                           
00000a0e  LCDBPCTL2_L                           
00000a10  LCDBPCTL3                             
00000a11  LCDBPCTL3_H                           
00000a10  LCDBPCTL3_L                           
00000a08  LCDBVCTL                              
00000a09  LCDBVCTL_H                            
00000a08  LCDBVCTL_L                            
00000a20  LCDM1                                 
00000a29  LCDM10                                
00000a2a  LCDM11                                
00000a2b  LCDM12                                
00000a2c  LCDM13                                
00000a2d  LCDM14                                
00000a2e  LCDM15                                
00000a2f  LCDM16                                
00000a30  LCDM17                                
00000a31  LCDM18                                
00000a32  LCDM19                                
00000a21  LCDM2                                 
00000a33  LCDM20                                
00000a34  LCDM21                                
00000a35  LCDM22                                
00000a36  LCDM23                                
00000a37  LCDM24                                
00000a22  LCDM3                                 
00000a23  LCDM4                                 
00000a24  LCDM5                                 
00000a25  LCDM6                                 
00000a26  LCDM7                                 
00000a27  LCDM8                                 
00000a28  LCDM9                                 
0000e4de  L_LSL                                 
0000dcb4  L_LSL_1                               
0000dc90  L_LSL_10                              
0000dc8c  L_LSL_11                              
0000dc88  L_LSL_12                              
0000dc84  L_LSL_13                              
0000dc80  L_LSL_14                              
0000dc7c  L_LSL_15                              
0000dcb0  L_LSL_2                               
0000dcac  L_LSL_3                               
0000dca8  L_LSL_4                               
0000dca4  L_LSL_5                               
0000dca0  L_LSL_6                               
0000dc9c  L_LSL_7                               
0000dc98  L_LSL_8                               
0000dc94  L_LSL_9                               
0000e4ee  L_LSR                                 
0000dcf2  L_LSR_1                               
0000dcce  L_LSR_10                              
0000dcca  L_LSR_11                              
0000dcc6  L_LSR_12                              
0000dcc2  L_LSR_13                              
0000dcbe  L_LSR_14                              
0000dcba  L_LSR_15                              
0000dcee  L_LSR_2                               
0000dcea  L_LSR_3                               
0000dce6  L_LSR_4                               
0000dce2  L_LSR_5                               
0000dcde  L_LSR_6                               
0000dcda  L_LSR_7                               
0000dcd6  L_LSR_8                               
0000dcd2  L_LSR_9                               
0000e4cc  L_ROTL                                
000004c4  MAC                                   
000004da  MAC32H                                
000004db  MAC32H_H                              
000004da  MAC32H_L                              
000004d8  MAC32L                                
000004d9  MAC32L_H                              
000004d8  MAC32L_L                              
000004c6  MACS                                  
000004de  MACS32H                               
000004df  MACS32H_H                             
000004de  MACS32H_L                             
000004dc  MACS32L                               
000004dd  MACS32L_H                             
000004dc  MACS32L_L                             
000004c7  MACS_H                                
000004c6  MACS_L                                
000004c5  MAC_H                                 
000004c4  MAC_L                                 
000004c0  MPY                                   
000004ec  MPY32CTL0                             
000004ed  MPY32CTL0_H                           
000004ec  MPY32CTL0_L                           
000004d2  MPY32H                                
000004d3  MPY32H_H                              
000004d2  MPY32H_L                              
000004d0  MPY32L                                
000004d1  MPY32L_H                              
000004d0  MPY32L_L                              
000004c2  MPYS                                  
000004d6  MPYS32H                               
000004d7  MPYS32H_H                             
000004d6  MPYS32H_L                             
000004d4  MPYS32L                               
000004d5  MPYS32L_H                             
000004d4  MPYS32L_L                             
000004c3  MPYS_H                                
000004c2  MPYS_L                                
000004c1  MPY_H                                 
000004c0  MPY_L                                 
0000921a  MRFI_Init                             
0000d3ac  MRFI_RadioIsr                         
0000d7f8  MRFI_ReplyDelay                       
0000daa6  MRFI_RxIdle                           
0000de42  MRFI_RxOn                             
0000e116  MRFI_Sleep                            
0000a1fa  MRFI_Transmit                         
000004c8  OP2                                   
000004e2  OP2H                                  
000004e3  OP2H_H                                
000004e2  OP2H_L                                
000004e0  OP2L                                  
000004e1  OP2L_H                                
000004e0  OP2L_L                                
000004c9  OP2_H                                 
000004c8  OP2_L                                 
0000020e  P1IV                                  
000001c8  P1MAP01                               
000001c9  P1MAP01_H                             
000001c8  P1MAP01_L                             
000001ca  P1MAP23                               
000001cb  P1MAP23_H                             
000001ca  P1MAP23_L                             
000001cc  P1MAP45                               
000001cd  P1MAP45_H                             
000001cc  P1MAP45_L                             
000001ce  P1MAP67                               
000001cf  P1MAP67_H                             
000001ce  P1MAP67_L                             
0000021e  P2IV                                  
000001d0  P2MAP01                               
000001d1  P2MAP01_H                             
000001d0  P2MAP01_L                             
000001d2  P2MAP23                               
000001d3  P2MAP23_H                             
000001d2  P2MAP23_L                             
000001d4  P2MAP45                               
000001d5  P2MAP45_H                             
000001d4  P2MAP45_L                             
000001d6  P2MAP67                               
000001d7  P2MAP67_H                             
000001d6  P2MAP67_L                             
000001d8  P3MAP01                               
000001d9  P3MAP01_H                             
000001d8  P3MAP01_L                             
000001da  P3MAP23                               
000001db  P3MAP23_H                             
000001da  P3MAP23_L                             
000001dc  P3MAP45                               
000001dd  P3MAP45_H                             
000001dc  P3MAP45_L                             
000001de  P3MAP67                               
000001df  P3MAP67_H                             
000001de  P3MAP67_L                             
00000204  PADIR                                 
00000205  PADIR_H                               
00000204  PADIR_L                               
00000208  PADS                                  
00000209  PADS_H                                
00000208  PADS_L                                
0000021a  PAIE                                  
00000218  PAIES                                 
00000219  PAIES_H                               
00000218  PAIES_L                               
0000021b  PAIE_H                                
0000021a  PAIE_L                                
0000021c  PAIFG                                 
0000021d  PAIFG_H                               
0000021c  PAIFG_L                               
00000200  PAIN                                  
00000201  PAIN_H                                
00000200  PAIN_L                                
00000202  PAOUT                                 
00000203  PAOUT_H                               
00000202  PAOUT_L                               
00000206  PAREN                                 
00000207  PAREN_H                               
00000206  PAREN_L                               
0000020a  PASEL                                 
0000020b  PASEL_H                               
0000020a  PASEL_L                               
00000224  PBDIR                                 
00000225  PBDIR_H                               
00000224  PBDIR_L                               
00000228  PBDS                                  
00000229  PBDS_H                                
00000228  PBDS_L                                
00000220  PBIN                                  
00000221  PBIN_H                                
00000220  PBIN_L                                
00000222  PBOUT                                 
00000223  PBOUT_H                               
00000222  PBOUT_L                               
00000226  PBREN                                 
00000227  PBREN_H                               
00000226  PBREN_L                               
0000022a  PBSEL                                 
0000022b  PBSEL_H                               
0000022a  PBSEL_L                               
00000244  PCDIR                                 
00000245  PCDIR_H                               
00000244  PCDIR_L                               
00000248  PCDS                                  
00000249  PCDS_H                                
00000248  PCDS_L                                
00000240  PCIN                                  
00000241  PCIN_H                                
00000240  PCIN_L                                
00000242  PCOUT                                 
00000243  PCOUT_H                               
00000242  PCOUT_L                               
00000246  PCREN                                 
00000247  PCREN_H                               
00000246  PCREN_L                               
0000024a  PCSEL                                 
0000024b  PCSEL_H                               
0000024a  PCSEL_L                               
00000324  PJDIR                                 
00000325  PJDIR_H                               
00000324  PJDIR_L                               
00000328  PJDS                                  
00000329  PJDS_H                                
00000328  PJDS_L                                
00000320  PJIN                                  
00000321  PJIN_H                                
00000320  PJIN_L                                
00000322  PJOUT                                 
00000323  PJOUT_H                               
00000322  PJOUT_L                               
00000326  PJREN                                 
00000327  PJREN_H                               
00000326  PJREN_L                               
000001c2  PMAPCTL                               
000001c3  PMAPCTL_H                             
000001c2  PMAPCTL_L                             
000001c0  PMAPKEYID                             
000001c1  PMAPKEYID_H                           
000001c0  PMAPKEYID_L                           
00000120  PMMCTL0                               
00000121  PMMCTL0_H                             
00000120  PMMCTL0_L                             
00000122  PMMCTL1                               
00000123  PMMCTL1_H                             
00000122  PMMCTL1_L                             
0000012c  PMMIFG                                
0000012d  PMMIFG_H                              
0000012c  PMMIFG_L                              
0000012e  PMMRIE                                
0000012f  PMMRIE_H                              
0000012e  PMMRIE_L                              
0000901a  PORT2_ISR                             
00000158  RCCTL0                                
00000159  RCCTL0_H                              
00000158  RCCTL0_L                              
000001b0  REFCTL0                               
000001b1  REFCTL0_H                             
000001b0  REFCTL0_L                             
000004e4  RES0                                  
000004e5  RES0_H                                
000004e4  RES0_L                                
000004e6  RES1                                  
000004e7  RES1_H                                
000004e6  RES1_L                                
000004e8  RES2                                  
000004e9  RES2_H                                
000004e8  RES2_L                                
000004ea  RES3                                  
000004eb  RES3_H                                
000004ea  RES3_L                                
000004cc  RESHI                                 
000004cd  RESHI_H                               
000004cc  RESHI_L                               
000004ca  RESLO                                 
000004cb  RESLO_H                               
000004ca  RESLO_L                               
00000f16  RF1ADINW                              
00000f17  RF1ADINW_H                            
00000f16  RF1ADINW_L                            
00000f28  RF1ADOUT0W                            
00000f29  RF1ADOUT0W_H                          
00000f28  RF1ADOUT0W_L                          
00000f2a  RF1ADOUT1W                            
00000f2b  RF1ADOUT1W_H                          
00000f2a  RF1ADOUT1W_L                          
00000f2c  RF1ADOUT2W                            
00000f2d  RF1ADOUT2W_H                          
00000f2c  RF1ADOUT2W_L                          
00000f36  RF1AIE                                
00000f34  RF1AIES                               
00000f35  RF1AIES_H                             
00000f34  RF1AIES_L                             
00000f37  RF1AIE_H                              
00000f36  RF1AIE_L                              
00000f00  RF1AIFCTL0                            
00000f01  RF1AIFCTL0_H                          
00000f00  RF1AIFCTL0_L                          
00000f02  RF1AIFCTL1                            
00000f03  RF1AIFCTL1_H                          
00000f02  RF1AIFCTL1_L                          
00000f04  RF1AIFCTL2                            
00000f05  RF1AIFCTL2_H                          
00000f04  RF1AIFCTL2_L                          
00000f06  RF1AIFERR                             
00000f0c  RF1AIFERRV                            
00000f0d  RF1AIFERRV_H                          
00000f0c  RF1AIFERRV_L                          
00000f07  RF1AIFERR_H                           
00000f06  RF1AIFERR_L                           
00000f32  RF1AIFG                               
00000f33  RF1AIFG_H                             
00000f32  RF1AIFG_L                             
00000f0e  RF1AIFIV                              
00000f0f  RF1AIFIV_H                            
00000f0e  RF1AIFIV_L                            
00000f30  RF1AIN                                
00000f12  RF1AINSTR1W                           
00000f13  RF1AINSTR1W_H                         
00000f12  RF1AINSTR1W_L                         
00000f14  RF1AINSTR2W                           
00000f15  RF1AINSTR2W_H                         
00000f14  RF1AINSTR2W_L                         
00000f10  RF1AINSTRW                            
00000f11  RF1AINSTRW_H                          
00000f10  RF1AINSTRW_L                          
00000f31  RF1AIN_H                              
00000f30  RF1AIN_L                              
00000f38  RF1AIV                                
00000f39  RF1AIV_H                              
00000f38  RF1AIV_L                              
00000f3c  RF1ARXFIFO                            
00000f3d  RF1ARXFIFO_H                          
00000f3c  RF1ARXFIFO_L                          
00000f20  RF1ASTAT0W                            
00000f21  RF1ASTAT0W_H                          
00000f20  RF1ASTAT0W_L                          
00000f22  RF1ASTAT1W                            
00000f23  RF1ASTAT1W_H                          
00000f22  RF1ASTAT1W_L                          
00000f24  RF1ASTAT2W                            
00000f25  RF1ASTAT2W_H                          
00000f24  RF1ASTAT2W_L                          
00000f3e  RF1ATXFIFO                            
00000f3f  RF1ATXFIFO_H                          
00000f3e  RF1ATXFIFO_L                          
000004ba  RTCADOWDAY                            
000004bb  RTCADOWDAY_H                          
000004ba  RTCADOWDAY_L                          
000004b8  RTCAMINHR                             
000004b9  RTCAMINHR_H                           
000004b8  RTCAMINHR_L                           
000004a0  RTCCTL01                              
000004a1  RTCCTL01_H                            
000004a0  RTCCTL01_L                            
000004a2  RTCCTL23                              
000004a3  RTCCTL23_H                            
000004a2  RTCCTL23_L                            
000004b4  RTCDATE                               
000004b5  RTCDATE_H                             
000004b4  RTCDATE_L                             
000004ae  RTCIV                                 
000004ac  RTCPS                                 
000004a8  RTCPS0CTL                             
000004a9  RTCPS0CTL_H                           
000004a8  RTCPS0CTL_L                           
000004aa  RTCPS1CTL                             
000004ab  RTCPS1CTL_H                           
000004aa  RTCPS1CTL_L                           
000004ad  RTCPS_H                               
000004ac  RTCPS_L                               
000004b0  RTCTIM0                               
000004b1  RTCTIM0_H                             
000004b0  RTCTIM0_L                             
000004b2  RTCTIM1                               
000004b3  RTCTIM1_H                             
000004b2  RTCTIM1_L                             
000004b6  RTCYEAR                               
000004b7  RTCYEAR_H                             
000004b6  RTCYEAR_L                             
00000100  SFRIE1                                
00000101  SFRIE1_H                              
00000100  SFRIE1_L                              
00000102  SFRIFG1                               
00000103  SFRIFG1_H                             
00000102  SFRIFG1_L                             
00000104  SFRRPCR                               
00000105  SFRRPCR_H                             
00000104  SFRRPCR_L                             
0000c9e8  SMPL_Init                             
0000a718  SMPL_Ioctl                            
0000d4d2  SMPL_SendOpt                          
000004ce  SUMEXT                                
000004cf  SUMEXT_H                              
000004ce  SUMEXT_L                              
00000124  SVSMHCTL                              
00000125  SVSMHCTL_H                            
00000124  SVSMHCTL_L                            
00000128  SVSMIO                                
00000129  SVSMIO_H                              
00000128  SVSMIO_L                              
00000126  SVSMLCTL                              
00000127  SVSMLCTL_H                            
00000126  SVSMLCTL_L                            
00000198  SYSBERRIV                             
00000199  SYSBERRIV_H                           
00000198  SYSBERRIV_L                           
00000182  SYSBSLC                               
00000183  SYSBSLC_H                             
00000182  SYSBSLC_L                             
00000180  SYSCTL                                
00000181  SYSCTL_H                              
00000180  SYSCTL_L                              
00000186  SYSJMBC                               
00000187  SYSJMBC_H                             
00000186  SYSJMBC_L                             
00000188  SYSJMBI0                              
00000189  SYSJMBI0_H                            
00000188  SYSJMBI0_L                            
0000018a  SYSJMBI1                              
0000018b  SYSJMBI1_H                            
0000018a  SYSJMBI1_L                            
0000018c  SYSJMBO0                              
0000018d  SYSJMBO0_H                            
0000018c  SYSJMBO0_L                            
0000018e  SYSJMBO1                              
0000018f  SYSJMBO1_H                            
0000018e  SYSJMBO1_L                            
0000019e  SYSRSTIV                              
0000019f  SYSRSTIV_H                            
0000019e  SYSRSTIV_L                            
0000019c  SYSSNIV                               
0000019d  SYSSNIV_H                             
0000019c  SYSSNIV_L                             
0000019a  SYSUNIV                               
0000019b  SYSUNIV_H                             
0000019a  SYSUNIV_L                             
0000c7aa  SetVCore                              
0000c536  Strobe                                
00001c6c  T                                     
00000352  TA0CCR0                               
00000354  TA0CCR1                               
00000356  TA0CCR2                               
00000358  TA0CCR3                               
0000035a  TA0CCR4                               
00000342  TA0CCTL0                              
00000344  TA0CCTL1                              
00000346  TA0CCTL2                              
00000348  TA0CCTL3                              
0000034a  TA0CCTL4                              
00000340  TA0CTL                                
00000360  TA0EX0                                
0000036e  TA0IV                                 
00000350  TA0R                                  
00000392  TA1CCR0                               
00000394  TA1CCR1                               
00000396  TA1CCR2                               
00000382  TA1CCTL0                              
00000384  TA1CCTL1                              
00000386  TA1CCTL2                              
00000380  TA1CTL                                
000003a0  TA1EX0                                
000003ae  TA1IV                                 
00000390  TA1R                                  
00008652  TIMER0_A0_ISR                         
0000ce06  TIMER0_A1_5_ISR                       
0000e022  Timer0_A3_Start                       
0000d1a8  Timer0_A4_Delay                       
000005d0  UCA0ABCTL                             
000005c6  UCA0BRW                               
000005c7  UCA0BRW_H                             
000005c6  UCA0BRW_L                             
000005c0  UCA0CTLW0                             
000005c1  UCA0CTLW0_H                           
000005c0  UCA0CTLW0_L                           
000005dc  UCA0ICTL                              
000005dd  UCA0ICTL_H                            
000005dc  UCA0ICTL_L                            
000005d2  UCA0IRCTL                             
000005d3  UCA0IRCTL_H                           
000005d2  UCA0IRCTL_L                           
000005de  UCA0IV                                
000005c8  UCA0MCTL                              
000005cc  UCA0RXBUF                             
000005ca  UCA0STAT                              
000005ce  UCA0TXBUF                             
000005e6  UCB0BRW                               
000005e7  UCB0BRW_H                             
000005e6  UCB0BRW_L                             
000005e0  UCB0CTLW0                             
000005e1  UCB0CTLW0_H                           
000005e0  UCB0CTLW0_L                           
000005f0  UCB0I2COA                             
000005f1  UCB0I2COA_H                           
000005f0  UCB0I2COA_L                           
000005f2  UCB0I2CSA                             
000005f3  UCB0I2CSA_H                           
000005f2  UCB0I2CSA_L                           
000005fc  UCB0ICTL                              
000005fd  UCB0ICTL_H                            
000005fc  UCB0ICTL_L                            
000005fe  UCB0IV                                
000005ec  UCB0RXBUF                             
000005ea  UCB0STAT                              
000005ee  UCB0TXBUF                             
00000160  UCSCTL0                               
00000161  UCSCTL0_H                             
00000160  UCSCTL0_L                             
00000162  UCSCTL1                               
00000163  UCSCTL1_H                             
00000162  UCSCTL1_L                             
00000164  UCSCTL2                               
00000165  UCSCTL2_H                             
00000164  UCSCTL2_L                             
00000166  UCSCTL3                               
00000167  UCSCTL3_H                             
00000166  UCSCTL3_L                             
00000168  UCSCTL4                               
00000169  UCSCTL4_H                             
00000168  UCSCTL4_L                             
0000016a  UCSCTL5                               
0000016b  UCSCTL5_H                             
0000016a  UCSCTL5_L                             
0000016c  UCSCTL6                               
0000016d  UCSCTL6_H                             
0000016c  UCSCTL6_L                             
0000016e  UCSCTL7                               
0000016f  UCSCTL7_H                             
0000016e  UCSCTL7_L                             
00000170  UCSCTL8                               
00000171  UCSCTL8_H                             
00000170  UCSCTL8_L                             
00001c84  W                                     
0000015c  WDTCTL                                
0000015d  WDTCTL_H                              
0000015c  WDTCTL_L                              
00001dc4  WP                                    
0000de74  WriteSingleReg                        
00002bfc  __STACK_END                           
00000050  __STACK_SIZE                          
0000e5b4  __TI_ISR_TRAP                         
0000ffda  __TI_int45                            
0000ffdc  __TI_int46                            
0000ffde  __TI_int47                            
0000ffe0  __TI_int48                            
0000ffe2  __TI_int49                            
0000ffe4  __TI_int50                            
0000ffe6  __TI_int51                            
0000ffe8  __TI_int52                            
0000ffea  __TI_int53                            
0000ffec  __TI_int54                            
0000ffee  __TI_int55                            
0000fff0  __TI_int56                            
0000fff2  __TI_int57                            
0000fff4  __TI_int58                            
0000fff6  __TI_int59                            
0000fff8  __TI_int60                            
0000fffa  __TI_int61                            
0000fffc  __TI_int62                            
ffffffff  __binit__                             
00001c00  __bss__                               
ffffffff  __c_args__                            
0000eac6  __cinit__                             
00001c00  __data__                              
0000dfcc  __divi                                
0000dbfc  __divli                               
0000e41a  __divu                                
0000d6f8  __divul                               
00001c00  __edata__                             
000020e9  __end__                               
0000e5d2  __etext__                             
0000a85c  __fs_add                              
0000d9ca  __fs_cmp                              
0000c8ce  __fs_div                              
0000dda4  __fs_itof                             
0000c480  __fs_mpy                              
0000a856  __fs_sub                              
0000db32  __fs_tou                              
0000d934  __fs_toul                             
0000df0a  __fs_ultof                            
0000e1ae  __fs_utof                             
0000e430  __mpyi_f5hw                           
0000e238  __mpyl_f5hw                           
ffffffff  __pinit__                             
0000dfcc  __remi                                
0000dbfc  __remli                               
0000e41a  __remu                                
0000d6f8  __remul                               
00008000  __text__                              
0000d980  _auto_init                            
0000e39e  _c_int00_noargs_noexit                
0000fffe  _reset_vector                         
00002bac  _stack                                
0000e5ba  _system_pre_init                      
0000205e  _tz                                   
0000e5be  abort                                 
000020e4  adc12_data_ready                      
000020e2  adc12_result                          
0000d210  adc12_single_conversion               
0000e04c  as_get_data                           
000020b5  as_ok                                 
0000d278  as_read_register                      
0000cc8c  as_start                              
0000dea6  as_stop                               
0000d2e0  as_write_register                     
0000c3c6  base32_decode                         
0000d0d0  battery_measurement                   
ffffffff  binit                                 
00001f7c  burst_end                             
00001f79  burst_mode                            
00001f7e  burst_packet                          
00001f90  burst_packet_index                    
00001f7a  burst_start                           
00002098  button                                
0000d84a  button_repeat_function                
0000eac6  cinit                                 
0000e330  clear_display_all                     
0000d646  clear_line                            
0000c308  clock_tick                            
0000e34c  close_radio                           
0000cafc  compute_totp                          
000088f0  conv_pa_to_meter                      
00001f44  data                                  
00001e52  display                               
00009df8  display_acceleration                  
0000ba2c  display_alarm                         
0000ade0  display_altitude                      
0000e3b8  display_am_pm_symbol                  
0000d532  display_battery_V                     
0000ce80  display_char                          
0000bfe4  display_chars                         
0000b878  display_date                          
0000d750  display_hours                         
0000e446  display_ppt                           
0000e45a  display_rf                            
0000e13c  display_rfbsl                         
0000e404  display_selection_Timeformat1         
0000a986  display_stopwatch                     
0000e2ba  display_symbol                        
0000e46e  display_sync                          
0000b4dc  display_temperature                   
000097d4  display_time                          
0000bb02  display_totp                          
0000b2f4  display_update                        
0000e1f4  display_value                         
0000c83e  do_altitude_measurement               
00001c6a  dp                                    
0000e5ce  dummy                                 
00001c00  edata                                 
000020e9  end                                   
0000e5d2  etext                                 
000020c6  fptr_Timer0_A3_function               
0000203a  fptr_lcd_function_line1               
0000203e  fptr_lcd_function_line2               
0000cc0a  get_numberOfDays                      
00001c00  glb_sha1_info                         
0000ea0e  h0                                    
0000bca8  hmac_sha1                             
00009f54  init_application                      
0000a0a8  init_global_variables                 
0000e162  init_pressure_table                   
0000bbd6  int_to_array                          
0000e5d2  int_to_array_conversion_table         
00001ea8  int_to_array_str                      
0000e52e  is_rf                                 
0000e482  is_stopwatch                          
0000e9b8  lcd_font                              
0000cb84  main                                  
0000e216  memcmp                                
0000e496  memcpy                                
0000e2d8  memmove                               
0000e4a8  memset                                
0000e85e  menu_L1_Acceleration                  
0000e828  menu_L1_Alarm                         
0000e84c  menu_L1_Altitude                      
0000e83a  menu_L1_Temperature                   
0000e7f2  menu_L1_Time                          
0000e894  menu_L2_Battery                       
0000e804  menu_L2_Date                          
0000e8b8  menu_L2_Ppt                           
0000e816  menu_L2_RFBSL                         
0000e8a6  menu_L2_Rf                            
0000e882  menu_L2_Stopwatch                     
0000e8ca  menu_L2_Sync                          
0000e870  menu_L2_Totp                          
00002036  message                               
0000e7f1  method                                
0000ea9a  mgrav_per_bit                         
00008000  mktime                                
0000eaba  mrfiBroadcastAddr                     
0000e978  mrfiRadioCfg                          
0000cfea  mrfiRadioInterfaceCmdStrobe           
0000db78  mrfiRadioInterfaceReadReg             
0000ded8  mrfiRadioInterfaceReadRxFifo          
0000dd6e  mrfiRadioInterfaceWriteReg            
0000b3ea  mx_alarm                              
0000aee6  mx_altitude                           
00009992  mx_date                               
0000e09e  mx_stopwatch                          
0000b0f2  mx_temperature                        
00009416  mx_time                               
0000df9e  nwk_QadjustOrder                      
0000b954  nwk_QfindOldest                       
0000cefa  nwk_QfindSlot                         
0000be48  nwk_allocateLocalRxPort               
0000ca72  nwk_buildFrame                        
0000e188  nwk_checkConnInfo                     
0000e0c6  nwk_getConnInfo                       
0000d13e  nwk_getNextConnection                 
0000dd34  nwk_isValidReply                      
0000aaa2  nwk_join                              
0000a490  nwk_link                              
00009b26  nwk_nwkInit                           
0000e5c2  nwk_processFreq                       
0000e2f6  nwk_processJoin                       
0000bf16  nwk_processLink                       
0000daec  nwk_processMgmt                       
0000d346  nwk_processPing                       
0000e5c6  nwk_processSecurity                   
0000e368  nwk_putNumObjectIntoMsg               
0000cd0c  nwk_radioControl                      
0000c676  nwk_retrieveFrame                     
0000cd8a  nwk_sendAckReply                      
0000df6e  nwk_sendFrame                         
00001f02  offset                                
0000e4ba  open_radio                            
00001f92  p                                     
0000ea30  p0                                    
ffffffff  pinit                                 
0000d40e  ps_get_pa                             
0000d8e8  ps_get_temp                           
0000cf72  ps_init                               
00001fd6  ps_ok                                 
0000d05e  ps_read_register                      
0000e53a  ps_start                              
0000e582  ps_stop                               
0000d7a4  ps_twi_read                           
0000c95c  ps_twi_sda                            
0000dbbc  ps_twi_write                          
0000d6a0  ps_write_register                     
000020de  ptrMenu_L1                            
000020e0  ptrMenu_L2                            
0000e25a  radio_ISR                             
0000e4fe  radio_powerdown                       
0000ddda  radio_reset                           
0000c17c  read_calibration_values               
00002034  request                               
000020ab  rfBSL_button_confirmation             
00002038  rf_frequoffset                        
0000207a  sAccel                                
000020da  sAlarm                                
00002042  sAlt                                  
000020b6  sBatt                                 
0000209a  sButton                               
000020be  sBuzzer                               
000020ce  sDate                                 
00001fd7  sInit_done                            
00001f72  sRFsmpl                               
0000206c  sStopwatch                            
000020d4  sTemp                                 
00002050  sTime                                 
000020ca  sTimer                                
0000e9e4  segments_bitmask                      
00001e54  segments_lcdmem                       
0000eab2  selection_Timeformat                  
0000d470  set_totp                              
00008de8  set_value                             
0000b6ae  sha1_final                            
0000d89a  sha1_init                             
0000c242  sha1_update                           
00001f50  simpliciti_data                       
00001f4c  simpliciti_ed_address                 
00001f70  simpliciti_flag                       
0000c5d6  simpliciti_get_ed_data_callback       
0000bd78  simpliciti_link                       
0000b5c6  simpliciti_main_sync                  
00001f78  simpliciti_payload_length             
00001f71  simpliciti_reply_count                
0000a346  simpliciti_sync_decode_ap_cmd_callback
0000b794  simpliciti_sync_get_data_callback     
0000dc3c  start_altitude_measurement            
0000da5e  start_buzzer                          
0000afec  start_simpliciti_tx_only              
0000e0ee  stop_buzzer                           
0000e3d2  stop_stopwatch                        
0000b1f4  stopwatch_tick                        
00001eb0  stotp                                 
0000e3ec  sx_acceleration                       
0000df3c  sx_alarm                              
0000e5d0  sx_altitude                           
0000e50e  sx_date                               
0000e27a  sx_ppt                                
0000e29a  sx_rf                                 
0000da14  sx_rfbsl                              
0000de0e  sx_stopwatch                          
0000c0b0  sx_sync                               
0000e51e  sx_time                               
00002032  sys                                   
0000c712  temperature_measurement               
00008b88  test_mode                             
00001f04  tmp_key                               
0000d58e  toggle_buzzer                         
0000e5ca  twi_delay                             
0000e546  update_acceleration                   
0000e552  update_alarm                          
0000e55e  update_battery_voltage                
0000e5a0  update_date                           
000095fa  update_pressure_table                 
0000e56a  update_stopwatch                      
0000dcf8  update_stopwatch_timer                
0000e576  update_temperature                    
0000e5aa  update_time                           
0000abbe  wakeup_event                          
0000d5ea  write_lcd_mem                         


GLOBAL SYMBOLS: SORTED BY Symbol Address 

address   name                                  
-------   ----                                  
00000050  __STACK_SIZE                          
00000100  SFRIE1                                
00000100  SFRIE1_L                              
00000101  SFRIE1_H                              
00000102  SFRIFG1                               
00000102  SFRIFG1_L                             
00000103  SFRIFG1_H                             
00000104  SFRRPCR                               
[...]
00000f02  RF1AIFCTL1_L                          
00000f03  RF1AIFCTL1_H                          
00000f04  RF1AIFCTL2                            
00000f04  RF1AIFCTL2_L                          
00000f05  RF1AIFCTL2_H                          
00000f06  RF1AIFERR                             
00000f06  RF1AIFERR_L                           
00000f07  RF1AIFERR_H                           
00000f0c  RF1AIFERRV                            
00000f0c  RF1AIFERRV_L                          
00000f0d  RF1AIFERRV_H                          
00000f0e  RF1AIFIV                              
00000f0e  RF1AIFIV_L                            
00000f0f  RF1AIFIV_H                            
00000f10  RF1AINSTRW                            
00000f10  RF1AINSTRW_L                          
00000f11  RF1AINSTRW_H                          
00000f12  RF1AINSTR1W                           
00000f12  RF1AINSTR1W_L                         
00000f13  RF1AINSTR1W_H                         
00000f14  RF1AINSTR2W                           
00000f14  RF1AINSTR2W_L                         
00000f15  RF1AINSTR2W_H                         
00000f16  RF1ADINW                              
00000f16  RF1ADINW_L                            
00000f17  RF1ADINW_H                            
00000f20  RF1ASTAT0W                            
00000f20  RF1ASTAT0W_L                          
00000f21  RF1ASTAT0W_H                          
00000f22  RF1ASTAT1W                            
00000f22  RF1ASTAT1W_L                          
00000f23  RF1ASTAT1W_H                          
00000f24  RF1ASTAT2W                            
00000f24  RF1ASTAT2W_L                          
00000f25  RF1ASTAT2W_H                          
00000f28  RF1ADOUT0W                            
00000f28  RF1ADOUT0W_L                          
00000f29  RF1ADOUT0W_H                          
00000f2a  RF1ADOUT1W                            
00000f2a  RF1ADOUT1W_L                          
00000f2b  RF1ADOUT1W_H                          
00000f2c  RF1ADOUT2W                            
00000f2c  RF1ADOUT2W_L                          
00000f2d  RF1ADOUT2W_H                          
00000f30  RF1AIN                                
00000f30  RF1AIN_L                              
00000f31  RF1AIN_H                              
00000f32  RF1AIFG                               
00000f32  RF1AIFG_L                             
00000f33  RF1AIFG_H                             
00000f34  RF1AIES                               
00000f34  RF1AIES_L                             
00000f35  RF1AIES_H                             
00000f36  RF1AIE                                
00000f36  RF1AIE_L                              
00000f37  RF1AIE_H                              
00000f38  RF1AIV                                
00000f38  RF1AIV_L                              
00000f39  RF1AIV_H                              
00000f3c  RF1ARXFIFO                            
00000f3c  RF1ARXFIFO_L                          
00000f3d  RF1ARXFIFO_H                          
00000f3e  RF1ATXFIFO                            
00000f3e  RF1ATXFIFO_L                          
00000f3f  RF1ATXFIFO_H                          
00001c00  .bss                                  
00001c00  .data                                 
00001c00  __bss__                               
00001c00  __data__                              
00001c00  __edata__                             
00001c00  edata                                 
00001c00  glb_sha1_info                         
00001c6a  dp                                    
00001c6c  T                                     
00001c70  A                                     
00001c74  B                                     
00001c78  C                                     
00001c7c  D                                     
00001c80  E                                     
00001c84  W                                     
00001dc4  WP                                    
00001e52  display                               
00001e54  segments_lcdmem                       
00001ea8  int_to_array_str                      
00001eb0  stotp                                 
00001f02  offset                                
00001f04  tmp_key                               
00001f44  data                                  
00001f4c  simpliciti_ed_address                 
00001f50  simpliciti_data                       
00001f70  simpliciti_flag                       
00001f71  simpliciti_reply_count                
00001f72  sRFsmpl                               
00001f78  simpliciti_payload_length             
00001f79  burst_mode                            
00001f7a  burst_start                           
00001f7c  burst_end                             
00001f7e  burst_packet                          
00001f90  burst_packet_index                    
00001f92  p                                     
00001fd6  ps_ok                                 
00001fd7  sInit_done                            
00002032  sys                                   
00002034  request                               
00002036  message                               
00002038  rf_frequoffset                        
0000203a  fptr_lcd_function_line1               
0000203e  fptr_lcd_function_line2               
00002042  sAlt                                  
00002050  sTime                                 
0000205e  _tz                                   
0000206c  sStopwatch                            
0000207a  sAccel                                
00002098  button                                
0000209a  sButton                               
000020ab  rfBSL_button_confirmation             
000020b5  as_ok                                 
000020b6  sBatt                                 
000020be  sBuzzer                               
000020c6  fptr_Timer0_A3_function               
000020ca  sTimer                                
000020ce  sDate                                 
000020d4  sTemp                                 
000020da  sAlarm                                
000020de  ptrMenu_L1                            
000020e0  ptrMenu_L2                            
000020e2  adc12_result                          
000020e4  adc12_data_ready                      
000020e9  __end__                               
000020e9  end                                   
00002bac  _stack                                
00002bfc  __STACK_END                           
00008000  .text                                 
00008000  __text__                              
00008000  mktime                                
00008652  TIMER0_A0_ISR                         
000088f0  conv_pa_to_meter                      
00008b88  test_mode                             
00008de8  set_value                             
0000901a  PORT2_ISR                             
0000921a  MRFI_Init                             
00009416  mx_time                               
000095fa  update_pressure_table                 
000097d4  display_time                          
00009992  mx_date                               
00009b26  nwk_nwkInit                           
00009df8  display_acceleration                  
00009f54  init_application                      
0000a0a8  init_global_variables                 
0000a1fa  MRFI_Transmit                         
0000a346  simpliciti_sync_decode_ap_cmd_callback
0000a490  nwk_link                              
0000a718  SMPL_Ioctl                            
0000a856  __fs_sub                              
0000a85c  __fs_add                              
0000a986  display_stopwatch                     
0000aaa2  nwk_join                              
0000abbe  wakeup_event                          
0000ade0  display_altitude                      
0000aee6  mx_altitude                           
0000afec  start_simpliciti_tx_only              
0000b0f2  mx_temperature                        
0000b1f4  stopwatch_tick                        
0000b2f4  display_update                        
0000b3ea  mx_alarm                              
0000b4dc  display_temperature                   
0000b5c6  simpliciti_main_sync                  
0000b6ae  sha1_final                            
0000b794  simpliciti_sync_get_data_callback     
0000b878  display_date                          
0000b954  nwk_QfindOldest                       
0000ba2c  display_alarm                         
0000bb02  display_totp                          
0000bbd6  int_to_array                          
0000bca8  hmac_sha1                             
0000bd78  simpliciti_link                       
0000be48  nwk_allocateLocalRxPort               
0000bf16  nwk_processLink                       
0000bfe4  display_chars                         
0000c0b0  sx_sync                               
0000c17c  read_calibration_values               
0000c242  sha1_update                           
0000c308  clock_tick                            
0000c3c6  base32_decode                         
0000c480  __fs_mpy                              
0000c536  Strobe                                
0000c5d6  simpliciti_get_ed_data_callback       
0000c676  nwk_retrieveFrame                     
0000c712  temperature_measurement               
0000c7aa  SetVCore                              
0000c83e  do_altitude_measurement               
0000c8ce  __fs_div                              
0000c95c  ps_twi_sda                            
0000c9e8  SMPL_Init                             
0000ca72  nwk_buildFrame                        
0000cafc  compute_totp                          
0000cb84  main                                  
0000cc0a  get_numberOfDays                      
0000cc8c  as_start                              
0000cd0c  nwk_radioControl                      
0000cd8a  nwk_sendAckReply                      
0000ce06  TIMER0_A1_5_ISR                       
0000ce80  display_char                          
0000cefa  nwk_QfindSlot                         
0000cf72  ps_init                               
0000cfea  mrfiRadioInterfaceCmdStrobe           
0000d05e  ps_read_register                      
0000d0d0  battery_measurement                   
0000d13e  nwk_getNextConnection                 
0000d1a8  Timer0_A4_Delay                       
0000d210  adc12_single_conversion               
0000d278  as_read_register                      
0000d2e0  as_write_register                     
0000d346  nwk_processPing                       
0000d3ac  MRFI_RadioIsr                         
0000d40e  ps_get_pa                             
0000d470  set_totp                              
0000d4d2  SMPL_SendOpt                          
0000d532  display_battery_V                     
0000d58e  toggle_buzzer                         
0000d5ea  write_lcd_mem                         
0000d646  clear_line                            
0000d6a0  ps_write_register                     
0000d6f8  __divul                               
0000d6f8  __remul                               
0000d750  display_hours                         
0000d7a4  ps_twi_read                           
0000d7f8  MRFI_ReplyDelay                       
0000d84a  button_repeat_function                
0000d89a  sha1_init                             
0000d8e8  ps_get_temp                           
0000d934  __fs_toul                             
0000d980  _auto_init                            
0000d9ca  __fs_cmp                              
0000da14  sx_rfbsl                              
0000da5e  start_buzzer                          
0000daa6  MRFI_RxIdle                           
0000daec  nwk_processMgmt                       
0000db32  __fs_tou                              
0000db78  mrfiRadioInterfaceReadReg             
0000dbbc  ps_twi_write                          
0000dbfc  __divli                               
0000dbfc  __remli                               
0000dc3c  start_altitude_measurement            
0000dc7c  L_LSL_15                              
0000dc80  L_LSL_14                              
0000dc84  L_LSL_13                              
0000dc88  L_LSL_12                              
0000dc8c  L_LSL_11                              
0000dc90  L_LSL_10                              
0000dc94  L_LSL_9                               
0000dc98  L_LSL_8                               
0000dc9c  L_LSL_7                               
0000dca0  L_LSL_6                               
0000dca4  L_LSL_5                               
0000dca8  L_LSL_4                               
0000dcac  L_LSL_3                               
0000dcb0  L_LSL_2                               
0000dcb4  L_LSL_1                               
0000dcba  L_LSR_15                              
0000dcbe  L_LSR_14                              
0000dcc2  L_LSR_13                              
0000dcc6  L_LSR_12                              
0000dcca  L_LSR_11                              
0000dcce  L_LSR_10                              
0000dcd2  L_LSR_9                               
0000dcd6  L_LSR_8                               
0000dcda  L_LSR_7                               
0000dcde  L_LSR_6                               
0000dce2  L_LSR_5                               
0000dce6  L_LSR_4                               
0000dcea  L_LSR_3                               
0000dcee  L_LSR_2                               
0000dcf2  L_LSR_1                               
0000dcf8  update_stopwatch_timer                
0000dd34  nwk_isValidReply                      
0000dd6e  mrfiRadioInterfaceWriteReg            
0000dda4  __fs_itof                             
0000ddda  radio_reset                           
0000de0e  sx_stopwatch                          
0000de42  MRFI_RxOn                             
0000de74  WriteSingleReg                        
0000dea6  as_stop                               
0000ded8  mrfiRadioInterfaceReadRxFifo          
0000df0a  __fs_ultof                            
0000df3c  sx_alarm                              
0000df6e  nwk_sendFrame                         
0000df9e  nwk_QadjustOrder                      
0000dfcc  __divi                                
0000dfcc  __remi                                
0000e022  Timer0_A3_Start                       
0000e04c  as_get_data                           
0000e09e  mx_stopwatch                          
0000e0c6  nwk_getConnInfo                       
0000e0ee  stop_buzzer                           
0000e116  MRFI_Sleep                            
0000e13c  display_rfbsl                         
0000e162  init_pressure_table                   
0000e188  nwk_checkConnInfo                     
0000e1ae  __fs_utof                             
0000e1d2  BSP_Delay                             
0000e1f4  display_value                         
0000e216  memcmp                                
0000e238  __mpyl_f5hw                           
0000e25a  radio_ISR                             
0000e27a  sx_ppt                                
0000e29a  sx_rf                                 
0000e2ba  display_symbol                        
0000e2d8  memmove                               
0000e2f6  nwk_processJoin                       
0000e330  clear_display_all                     
0000e34c  close_radio                           
0000e368  nwk_putNumObjectIntoMsg               
0000e384  ADC12ISR                              
0000e39e  _c_int00_noargs_noexit                
0000e3b8  display_am_pm_symbol                  
0000e3d2  stop_stopwatch                        
0000e3ec  sx_acceleration                       
0000e404  display_selection_Timeformat1         
0000e41a  __divu                                
0000e41a  __remu                                
0000e430  __mpyi_f5hw                           
0000e446  display_ppt                           
0000e45a  display_rf                            
0000e46e  display_sync                          
0000e482  is_stopwatch                          
0000e496  memcpy                                
0000e4a8  memset                                
0000e4ba  open_radio                            
0000e4cc  L_ROTL                                
0000e4de  L_LSL                                 
0000e4ee  L_LSR                                 
0000e4fe  radio_powerdown                       
0000e50e  sx_date                               
0000e51e  sx_time                               
0000e52e  is_rf                                 
0000e53a  ps_start                              
0000e546  update_acceleration                   
0000e552  update_alarm                          
0000e55e  update_battery_voltage                
0000e56a  update_stopwatch                      
0000e576  update_temperature                    
0000e582  ps_stop                               
0000e58c  I_ASR                                 
0000e596  I_LSL                                 
0000e5a0  update_date                           
0000e5aa  update_time                           
0000e5b4  __TI_ISR_TRAP                         
0000e5ba  _system_pre_init                      
0000e5be  C$$EXIT                               
0000e5be  abort                                 
0000e5c2  nwk_processFreq                       
0000e5c6  nwk_processSecurity                   
0000e5ca  twi_delay                             
0000e5ce  dummy                                 
0000e5d0  sx_altitude                           
0000e5d2  __etext__                             
0000e5d2  etext                                 
0000e5d2  int_to_array_conversion_table         
0000e7f1  method                                
0000e7f2  menu_L1_Time                          
0000e804  menu_L2_Date                          
0000e816  menu_L2_RFBSL                         
0000e828  menu_L1_Alarm                         
0000e83a  menu_L1_Temperature                   
0000e84c  menu_L1_Altitude                      
0000e85e  menu_L1_Acceleration                  
0000e870  menu_L2_Totp                          
0000e882  menu_L2_Stopwatch                     
0000e894  menu_L2_Battery                       
0000e8a6  menu_L2_Rf                            
0000e8b8  menu_L2_Ppt                           
0000e8ca  menu_L2_Sync                          
0000e978  mrfiRadioCfg                          
0000e9b8  lcd_font                              
0000e9e4  segments_bitmask                      
0000ea0e  h0                                    
0000ea30  p0                                    
0000ea9a  mgrav_per_bit                         
0000eab2  selection_Timeformat                  
0000eaba  mrfiBroadcastAddr                     
0000eac6  __cinit__                             
0000eac6  cinit                                 
0000ffda  __TI_int45                            
0000ffdc  __TI_int46                            
0000ffde  __TI_int47                            
0000ffe0  __TI_int48                            
0000ffe2  __TI_int49                            
0000ffe4  __TI_int50                            
0000ffe6  __TI_int51                            
0000ffe8  __TI_int52                            
0000ffea  __TI_int53                            
0000ffec  __TI_int54                            
0000ffee  __TI_int55                            
0000fff0  __TI_int56                            
0000fff2  __TI_int57                            
0000fff4  __TI_int58                            
0000fff6  __TI_int59                            
0000fff8  __TI_int60                            
0000fffa  __TI_int61                            
0000fffc  __TI_int62                            
0000fffe  _reset_vector                         
ffffffff  __binit__                             
ffffffff  __c_args__                            
ffffffff  __pinit__                             
ffffffff  binit                                 
ffffffff  pinit                                 

[1052 symbols]
